// Jest Snapshot v1, https://goo.gl/fbAQLP

exports[`Caip10LinkHandler applies anchor record correctly 1`] = `
Object {
  "anchorProof": Object {
    "blockNumber": 123456,
    "chainId": "fakechain:123",
  },
  "anchorStatus": 3,
  "content": "did:3:testdid1",
  "doctype": "caip10-link",
  "log": Array [
    Object {
      "cid": Object {
        "codec": "dag-pb",
        "hash": Uint8Array [
          18,
          32,
          222,
          189,
          122,
          219,
          60,
          229,
          101,
          68,
          210,
          42,
          111,
          107,
          147,
          57,
          111,
          105,
          128,
          168,
          6,
          124,
          44,
          193,
          52,
          240,
          247,
          128,
          27,
          99,
          49,
          9,
          43,
          149,
        ],
        "version": 1,
      },
      "type": 0,
    },
    Object {
      "cid": Object {
        "codec": "dag-pb",
        "hash": Uint8Array [
          18,
          32,
          222,
          189,
          122,
          219,
          60,
          229,
          101,
          68,
          210,
          42,
          111,
          107,
          147,
          57,
          115,
          137,
          128,
          168,
          6,
          124,
          44,
          193,
          52,
          240,
          247,
          128,
          27,
          99,
          49,
          9,
          43,
          149,
        ],
        "version": 1,
      },
      "type": 1,
    },
    Object {
      "cid": Object {
        "codec": "dag-pb",
        "hash": Uint8Array [
          18,
          32,
          222,
          189,
          122,
          219,
          60,
          229,
          101,
          68,
          210,
          42,
          111,
          107,
          147,
          57,
          119,
          169,
          128,
          168,
          6,
          124,
          44,
          193,
          52,
          240,
          247,
          128,
          27,
          99,
          49,
          9,
          43,
          149,
        ],
        "version": 1,
      },
      "type": 2,
    },
  ],
  "metadata": Object {
    "controllers": Array [
      "0x0544DcF4fcE959C6C4F3b7530190cB5E1BD67Cb8@eip155:1",
    ],
    "family": "caip10-eip155:1",
  },
  "next": Object {},
  "signature": 2,
}
`;

exports[`Caip10LinkHandler applies genesis record correctly 1`] = `
Object {
  "anchorStatus": 0,
  "content": null,
  "doctype": "caip10-link",
  "log": Array [
    Object {
      "cid": Object {
        "codec": "dag-pb",
        "hash": Uint8Array [
          18,
          32,
          222,
          189,
          122,
          219,
          60,
          229,
          101,
          68,
          210,
          42,
          111,
          107,
          147,
          57,
          111,
          105,
          128,
          168,
          6,
          124,
          44,
          193,
          52,
          240,
          247,
          128,
          27,
          99,
          49,
          9,
          43,
          149,
        ],
        "version": 1,
      },
      "type": 0,
    },
  ],
  "metadata": Object {
    "controllers": Array [
      "0x0544DcF4fcE959C6C4F3b7530190cB5E1BD67Cb8@eip155:1",
    ],
    "family": "caip10-eip155:1",
  },
  "next": Object {
    "content": null,
  },
  "signature": 0,
}
`;

exports[`Caip10LinkHandler applies signed record correctly 1`] = `
Object {
  "anchorStatus": 0,
  "content": null,
  "doctype": "caip10-link",
  "log": Array [
    Object {
      "cid": Object {
        "codec": "dag-pb",
        "hash": Uint8Array [
          18,
          32,
          222,
          189,
          122,
          219,
          60,
          229,
          101,
          68,
          210,
          42,
          111,
          107,
          147,
          57,
          111,
          105,
          128,
          168,
          6,
          124,
          44,
          193,
          52,
          240,
          247,
          128,
          27,
          99,
          49,
          9,
          43,
          149,
        ],
        "version": 1,
      },
      "type": 0,
    },
    Object {
      "cid": Object {
        "codec": "dag-pb",
        "hash": Uint8Array [
          18,
          32,
          222,
          189,
          122,
          219,
          60,
          229,
          101,
          68,
          210,
          42,
          111,
          107,
          147,
          57,
          115,
          137,
          128,
          168,
          6,
          124,
          44,
          193,
          52,
          240,
          247,
          128,
          27,
          99,
          49,
          9,
          43,
          149,
        ],
        "version": 1,
      },
      "type": 1,
    },
  ],
  "metadata": Object {
    "controllers": Array [
      "0x0544DcF4fcE959C6C4F3b7530190cB5E1BD67Cb8@eip155:1",
    ],
    "family": "caip10-eip155:1",
  },
  "next": Object {
    "content": "did:3:testdid1",
    "metadata": Object {
      "controllers": Array [
        "0x0544DcF4fcE959C6C4F3b7530190cB5E1BD67Cb8@eip155:1",
      ],
      "family": "caip10-eip155:1",
      "lastUpdate": 1608116721,
    },
  },
  "signature": 2,
}
`;
