// Jest Snapshot v1, https://goo.gl/fbAQLP

exports[`Sync API _createJobStatus 1`] = `
"Logging state of running ComposeDB syncs
 {
   \\"activeSyncs\\": [
      {
         \\"currentBlock\\": 101,
         \\"startBlock\\": 100,
         \\"endBlock\\": 200,
         \\"createdAt\\": \\"2023-02-21T21:43:00.491Z\\",
         \\"startedAt\\": \\"2023-02-21T21:44:40.491Z\\"
      }
   ],
   \\"continuousSync\\": [
      {
         \\"confirmations\\": 20,
         \\"currentBlock\\": 500
      }
   ],
   \\"pendingSyncs\\": [
      {
         \\"startBlock\\": 100,
         \\"endBlock\\": 200,
         \\"createdAt\\": \\"2023-02-21T21:43:00.491Z\\"
      }
   ]
}"
`;
