// Jest Snapshot v1, https://goo.gl/fbAQLP

exports[`.bytes 1`] = `
Uint8Array [
  206,
  1,
  0,
  1,
  133,
  1,
  18,
  32,
  84,
  179,
  109,
  86,
  78,
  173,
  242,
  220,
  63,
  166,
  43,
  94,
  52,
  240,
  80,
  102,
  174,
  138,
  255,
  216,
  30,
  185,
  101,
  36,
  150,
  57,
  240,
  167,
  85,
  209,
  179,
  188,
]
`;

exports[`.fromBytes create from bytes  1`] = `"kjzl6cwe1jw147dvq16zluojmraqvwdmbh61dx9e0c59i344lcrsgqfohexp60s"`;

exports[`.fromString create from legacy string "/ceramic/" 1`] = `"kjzl6cwe1jw147dvq16zluojmraqvwdmbh61dx9e0c59i344lcrsgqfohexp60s"`;

exports[`.fromString create from string 1`] = `"kjzl6cwe1jw147dvq16zluojmraqvwdmbh61dx9e0c59i344lcrsgqfohexp60s"`;

exports[`.fromString create from url string 1`] = `"kjzl6cwe1jw147dvq16zluojmraqvwdmbh61dx9e0c59i344lcrsgqfohexp60s"`;

exports[`.toString() 1`] = `"kjzl6cwe1jw147dvq16zluojmraqvwdmbh61dx9e0c59i344lcrsgqfohexp60s"`;

exports[`.toUrl() 1`] = `"ceramic://kjzl6cwe1jw147dvq16zluojmraqvwdmbh61dx9e0c59i344lcrsgqfohexp60s"`;

exports[`.typeName if registered 1`] = `"No stream type registered for index 10"`;

exports[`constructor create by parts (type:int, cid:cid) 1`] = `"kjzl6cwe1jw147dvq16zluojmraqvwdmbh61dx9e0c59i344lcrsgqfohexp60s"`;

exports[`nodejs inspect 1`] = `"StreamID(kjzl6cwe1jw147dvq16zluojmraqvwdmbh61dx9e0c59i344lcrsgqfohexp60s)"`;
