// Jest Snapshot v1, https://goo.gl/fbAQLP

exports[`3ID DID Resolver Legacy (v0) resolves 3id v0 1`] = `
Object {
  "@context": "https://w3id.org/did/v1",
  "authentication": Array [
    Object {
      "publicKey": "did:3:bafyreiffkeeq4wq2htejqla2is5ognligi4lvjhwrpqpl2kazjdoecmugi#g75q7J22wuWRyHb",
      "type": "Secp256k1SignatureAuthentication2018",
    },
  ],
  "id": "did:3:bafyreiffkeeq4wq2htejqla2is5ognligi4lvjhwrpqpl2kazjdoecmugi",
  "keyAgreement": Array [
    Object {
      "controller": "did:3:bafyreiffkeeq4wq2htejqla2is5ognligi4lvjhwrpqpl2kazjdoecmugi",
      "id": "did:3:bafyreiffkeeq4wq2htejqla2is5ognligi4lvjhwrpqpl2kazjdoecmugi#FRNNWcZDvDZcpVC",
      "publicKeyBase58": "qFYM1z9dJUC1K7rphEDVCj8U1YTzeFDVXtsjTa2uSiS",
      "type": "X25519KeyAgreementKey2019",
    },
  ],
  "publicKey": Array [
    Object {
      "controller": "did:3:bafyreiffkeeq4wq2htejqla2is5ognligi4lvjhwrpqpl2kazjdoecmugi",
      "id": "did:3:bafyreiffkeeq4wq2htejqla2is5ognligi4lvjhwrpqpl2kazjdoecmugi#g75q7J22wuWRyHb",
      "publicKeyBase58": "P8fYfHCRRHYkNwtVjRadhgftUsyEr6FUy65WttgSjqaW2eDXvJeXuCZRTdFM9JXc72eS5EDuu52fsdthsuWN7TS1",
      "type": "Secp256k1VerificationKey2018",
    },
    Object {
      "controller": "did:3:bafyreiffkeeq4wq2htejqla2is5ognligi4lvjhwrpqpl2kazjdoecmugi",
      "id": "did:3:bafyreiffkeeq4wq2htejqla2is5ognligi4lvjhwrpqpl2kazjdoecmugi#FRNNWcZDvDZcpVC",
      "publicKeyBase58": "qFYM1z9dJUC1K7rphEDVCj8U1YTzeFDVXtsjTa2uSiS",
      "type": "Curve25519EncryptionPublicKey",
    },
  ],
}
`;

exports[`3ID DID Resolver Legacy (v0) resolves 3id v0 which includs ceramic updates 1`] = `
Object {
  "@context": "https://w3id.org/did/v1",
  "authentication": Array [
    Object {
      "publicKey": "did:3:bafyreiffkeeq4wq2htejqla2is5ognligi4lvjhwrpqpl2kazjdoecmugi#8VBUiUTCeHbTeTV",
      "type": "Secp256k1SignatureAuthentication2018",
    },
  ],
  "id": "did:3:bafyreiffkeeq4wq2htejqla2is5ognligi4lvjhwrpqpl2kazjdoecmugi",
  "keyAgreement": Array [
    Object {
      "controller": "did:3:bafyreiffkeeq4wq2htejqla2is5ognligi4lvjhwrpqpl2kazjdoecmugi",
      "id": "did:3:bafyreiffkeeq4wq2htejqla2is5ognligi4lvjhwrpqpl2kazjdoecmugi#6F7kmzdodfvUCo9",
      "publicKeyBase58": "4jQRvHW8RfnRfdTrsxmExsn24z2vCV4xsoGxKB2Pkq2P",
      "type": "X25519KeyAgreementKey2019",
    },
  ],
  "publicKey": Array [
    Object {
      "controller": "did:3:bafyreiffkeeq4wq2htejqla2is5ognligi4lvjhwrpqpl2kazjdoecmugi",
      "id": "did:3:bafyreiffkeeq4wq2htejqla2is5ognligi4lvjhwrpqpl2kazjdoecmugi#8VBUiUTCeHbTeTV",
      "publicKeyBase58": "2Bv3fQSJiGJsbUUfUdiPsXXZGG5cXqaSeYnieuJcUFAbm",
      "type": "Secp256k1VerificationKey2018",
    },
    Object {
      "controller": "did:3:bafyreiffkeeq4wq2htejqla2is5ognligi4lvjhwrpqpl2kazjdoecmugi",
      "id": "did:3:bafyreiffkeeq4wq2htejqla2is5ognligi4lvjhwrpqpl2kazjdoecmugi#6F7kmzdodfvUCo9",
      "publicKeyBase58": "4jQRvHW8RfnRfdTrsxmExsn24z2vCV4xsoGxKB2Pkq2P",
      "type": "Curve25519EncryptionPublicKey",
    },
  ],
}
`;

exports[`3ID DID Resolver adds IDX root as service 1`] = `
Object {
  "@context": "https://w3id.org/did/v1",
  "authentication": Array [
    Object {
      "publicKey": "did:3:k2t6wyfsu4pg0t2n4j8ms3s33xsgqjhtto04mvq8w5a2v5xo48idyz38l7ydki#8VBUiUTCeHbTeTV",
      "type": "Secp256k1SignatureAuthentication2018",
    },
  ],
  "id": "did:3:k2t6wyfsu4pg0t2n4j8ms3s33xsgqjhtto04mvq8w5a2v5xo48idyz38l7ydki",
  "keyAgreement": Array [
    Object {
      "controller": "did:3:k2t6wyfsu4pg0t2n4j8ms3s33xsgqjhtto04mvq8w5a2v5xo48idyz38l7ydki",
      "id": "did:3:k2t6wyfsu4pg0t2n4j8ms3s33xsgqjhtto04mvq8w5a2v5xo48idyz38l7ydki#6F7kmzdodfvUCo9",
      "publicKeyBase58": "4jQRvHW8RfnRfdTrsxmExsn24z2vCV4xsoGxKB2Pkq2P",
      "type": "X25519KeyAgreementKey2019",
    },
  ],
  "publicKey": Array [
    Object {
      "controller": "did:3:k2t6wyfsu4pg0t2n4j8ms3s33xsgqjhtto04mvq8w5a2v5xo48idyz38l7ydki",
      "id": "did:3:k2t6wyfsu4pg0t2n4j8ms3s33xsgqjhtto04mvq8w5a2v5xo48idyz38l7ydki#8VBUiUTCeHbTeTV",
      "publicKeyBase58": "2Bv3fQSJiGJsbUUfUdiPsXXZGG5cXqaSeYnieuJcUFAbm",
      "type": "Secp256k1VerificationKey2018",
    },
    Object {
      "controller": "did:3:k2t6wyfsu4pg0t2n4j8ms3s33xsgqjhtto04mvq8w5a2v5xo48idyz38l7ydki",
      "id": "did:3:k2t6wyfsu4pg0t2n4j8ms3s33xsgqjhtto04mvq8w5a2v5xo48idyz38l7ydki#6F7kmzdodfvUCo9",
      "publicKeyBase58": "4jQRvHW8RfnRfdTrsxmExsn24z2vCV4xsoGxKB2Pkq2P",
      "type": "Curve25519EncryptionPublicKey",
    },
  ],
}
`;

exports[`3ID DID Resolver resolves 3id document correctly 1`] = `
Object {
  "@context": "https://w3id.org/did/v1",
  "authentication": Array [
    Object {
      "publicKey": "did:3:k2t6wyfsu4pg0t2n4j8ms3s33xsgqjhtto04mvq8w5a2v5xo48idyz38l7ydki#8VBUiUTCeHbTeTV",
      "type": "Secp256k1SignatureAuthentication2018",
    },
  ],
  "id": "did:3:k2t6wyfsu4pg0t2n4j8ms3s33xsgqjhtto04mvq8w5a2v5xo48idyz38l7ydki",
  "keyAgreement": Array [
    Object {
      "controller": "did:3:k2t6wyfsu4pg0t2n4j8ms3s33xsgqjhtto04mvq8w5a2v5xo48idyz38l7ydki",
      "id": "did:3:k2t6wyfsu4pg0t2n4j8ms3s33xsgqjhtto04mvq8w5a2v5xo48idyz38l7ydki#6F7kmzdodfvUCo9",
      "publicKeyBase58": "4jQRvHW8RfnRfdTrsxmExsn24z2vCV4xsoGxKB2Pkq2P",
      "type": "X25519KeyAgreementKey2019",
    },
  ],
  "publicKey": Array [
    Object {
      "controller": "did:3:k2t6wyfsu4pg0t2n4j8ms3s33xsgqjhtto04mvq8w5a2v5xo48idyz38l7ydki",
      "id": "did:3:k2t6wyfsu4pg0t2n4j8ms3s33xsgqjhtto04mvq8w5a2v5xo48idyz38l7ydki#8VBUiUTCeHbTeTV",
      "publicKeyBase58": "2Bv3fQSJiGJsbUUfUdiPsXXZGG5cXqaSeYnieuJcUFAbm",
      "type": "Secp256k1VerificationKey2018",
    },
    Object {
      "controller": "did:3:k2t6wyfsu4pg0t2n4j8ms3s33xsgqjhtto04mvq8w5a2v5xo48idyz38l7ydki",
      "id": "did:3:k2t6wyfsu4pg0t2n4j8ms3s33xsgqjhtto04mvq8w5a2v5xo48idyz38l7ydki#6F7kmzdodfvUCo9",
      "publicKeyBase58": "4jQRvHW8RfnRfdTrsxmExsn24z2vCV4xsoGxKB2Pkq2P",
      "type": "Curve25519EncryptionPublicKey",
    },
  ],
}
`;
