// Jest Snapshot v1, https://goo.gl/fbAQLP

exports[`validate v0 and v1 proofs 1`] = `
Object {
  "account": "0x8fe2c4516e920425e177658aaac451ca0463ed69@eip155:1",
  "message": "Create a new 3Box profile

- 
Your unique profile ID is did:3:bafysdfwefwe",
  "signature": "0xfa69ccf4a94db61325429d37c58c6de534b73f439700fbb748209890a5780f3365a5335f82d424d7f9a63ee41b637c116e64ef2f32c761bb065e4409f978c4bb1c",
  "type": "ethereum-eoa",
  "version": 2,
}
`;

exports[`validate v0 and v1 proofs 2`] = `
Object {
  "account": "0x8fe2c4516e920425e177658aaac451ca0463ed69@eip155:1",
  "message": "Create a new 3Box profile

- 
Your unique profile ID is did:3:bafysdfwefwe",
  "signature": "0xfa69ccf4a94db61325429d37c58c6de534b73f439700fbb748209890a5780f3365a5335f82d424d7f9a63ee41b637c116e64ef2f32c761bb065e4409f978c4bb1c",
  "type": "ethereum-eoa",
  "version": 2,
}
`;
