// Jest Snapshot v1, https://goo.gl/fbAQLP

exports[`Ed25519 mapper successfully resolves the document from did 1`] = `
Object {
  "assertionMethod": Array [
    "did:key:z6MktvqCyLxTsXUH1tUZncNdVeEZ7hNh7npPRbUU27GTrYb8#z6MktvqCyLxTsXUH1tUZncNdVeEZ7hNh7npPRbUU27GTrYb8",
  ],
  "authentication": Array [
    "did:key:z6MktvqCyLxTsXUH1tUZncNdVeEZ7hNh7npPRbUU27GTrYb8#z6MktvqCyLxTsXUH1tUZncNdVeEZ7hNh7npPRbUU27GTrYb8",
  ],
  "capabilityDelegation": Array [
    "did:key:z6MktvqCyLxTsXUH1tUZncNdVeEZ7hNh7npPRbUU27GTrYb8#z6MktvqCyLxTsXUH1tUZncNdVeEZ7hNh7npPRbUU27GTrYb8",
  ],
  "capabilityInvocation": Array [
    "did:key:z6MktvqCyLxTsXUH1tUZncNdVeEZ7hNh7npPRbUU27GTrYb8#z6MktvqCyLxTsXUH1tUZncNdVeEZ7hNh7npPRbUU27GTrYb8",
  ],
  "id": "did:key:z6MktvqCyLxTsXUH1tUZncNdVeEZ7hNh7npPRbUU27GTrYb8",
  "keyAgreement": Array [
    Object {
      "controller": "did:key:z6MktvqCyLxTsXUH1tUZncNdVeEZ7hNh7npPRbUU27GTrYb8",
      "id": "did:key:z6MktvqCyLxTsXUH1tUZncNdVeEZ7hNh7npPRbUU27GTrYb8#z6LSnkZe3JZPCo88XsdQVJi8j1TomzX2yRW7ZnvvWhmrSdmG",
      "publicKeyBase58": "C5PUWzkX7LQPSVFdxfCBQRFKvqyvGpKxgpDF2F8KjFzW",
      "type": "X25519KeyAgreementKey2019",
    },
  ],
  "verificationMethod": Array [
    Object {
      "controller": "did:key:z6MktvqCyLxTsXUH1tUZncNdVeEZ7hNh7npPRbUU27GTrYb8",
      "id": "did:key:z6MktvqCyLxTsXUH1tUZncNdVeEZ7hNh7npPRbUU27GTrYb8#z6MktvqCyLxTsXUH1tUZncNdVeEZ7hNh7npPRbUU27GTrYb8",
      "publicKeyBase58": "FUaAP6i2XyyouPds73QneYgZJ86qhua2jaZYBqJSwKok",
      "type": "Ed25519VerificationKey2018",
    },
  ],
}
`;
