// Jest Snapshot v1, https://goo.gl/fbAQLP

exports[`Index mapper successfully resolves the document from did 1`] = `
Object {
  "@context": "https://w3id.org/did/v1",
  "assertionMethod": Array [
    "did:key:zQ3shbgnTGcgBpXPdBjDur3ATMDWhS7aPs6FRFkWR19Lb9Zwz#zQ3shbgnTGcgBpXPdBjDur3ATMDWhS7aPs6FRFkWR19Lb9Zwz",
  ],
  "authentication": Array [
    "did:key:zQ3shbgnTGcgBpXPdBjDur3ATMDWhS7aPs6FRFkWR19Lb9Zwz#zQ3shbgnTGcgBpXPdBjDur3ATMDWhS7aPs6FRFkWR19Lb9Zwz",
  ],
  "capabilityDelegation": Array [
    "did:key:zQ3shbgnTGcgBpXPdBjDur3ATMDWhS7aPs6FRFkWR19Lb9Zwz#zQ3shbgnTGcgBpXPdBjDur3ATMDWhS7aPs6FRFkWR19Lb9Zwz",
  ],
  "capabilityInvocation": Array [
    "did:key:zQ3shbgnTGcgBpXPdBjDur3ATMDWhS7aPs6FRFkWR19Lb9Zwz#zQ3shbgnTGcgBpXPdBjDur3ATMDWhS7aPs6FRFkWR19Lb9Zwz",
  ],
  "id": "did:key:zQ3shbgnTGcgBpXPdBjDur3ATMDWhS7aPs6FRFkWR19Lb9Zwz",
  "publicKey": Array [
    Object {
      "controller": "did:key:zQ3shbgnTGcgBpXPdBjDur3ATMDWhS7aPs6FRFkWR19Lb9Zwz",
      "id": "did:key:zQ3shbgnTGcgBpXPdBjDur3ATMDWhS7aPs6FRFkWR19Lb9Zwz#zQ3shbgnTGcgBpXPdBjDur3ATMDWhS7aPs6FRFkWR19Lb9Zwz",
      "publicKeyHex": "02d41c913f542ae671e6df17a456c7dd6a280479d491120629daf92130602cd135",
      "type": "Secp256k1VerificationKey2018",
    },
  ],
}
`;
