// Jest Snapshot v1, https://goo.gl/fbAQLP

exports[`Secp256k1 mapper successfully resolves the document from did 1`] = `
Object {
  "assertionMethod": Array [
    "did:key:zQ3shbgnTGcgBpXPdBjDur3ATMDWhS7aPs6FRFkWR19Lb9Zwz#zQ3shbgnTGcgBpXPdBjDur3ATMDWhS7aPs6FRFkWR19Lb9Zwz",
  ],
  "authentication": Array [
    "did:key:zQ3shbgnTGcgBpXPdBjDur3ATMDWhS7aPs6FRFkWR19Lb9Zwz#zQ3shbgnTGcgBpXPdBjDur3ATMDWhS7aPs6FRFkWR19Lb9Zwz",
  ],
  "capabilityDelegation": Array [
    "did:key:zQ3shbgnTGcgBpXPdBjDur3ATMDWhS7aPs6FRFkWR19Lb9Zwz#zQ3shbgnTGcgBpXPdBjDur3ATMDWhS7aPs6FRFkWR19Lb9Zwz",
  ],
  "capabilityInvocation": Array [
    "did:key:zQ3shbgnTGcgBpXPdBjDur3ATMDWhS7aPs6FRFkWR19Lb9Zwz#zQ3shbgnTGcgBpXPdBjDur3ATMDWhS7aPs6FRFkWR19Lb9Zwz",
  ],
  "id": "did:key:zQ3shbgnTGcgBpXPdBjDur3ATMDWhS7aPs6FRFkWR19Lb9Zwz",
  "verificationMethod": Array [
    Object {
      "controller": "did:key:zQ3shbgnTGcgBpXPdBjDur3ATMDWhS7aPs6FRFkWR19Lb9Zwz",
      "id": "did:key:zQ3shbgnTGcgBpXPdBjDur3ATMDWhS7aPs6FRFkWR19Lb9Zwz#zQ3shbgnTGcgBpXPdBjDur3ATMDWhS7aPs6FRFkWR19Lb9Zwz",
      "publicKeyBase58": "qjdSRUCiVtAjwdYVTxHQXd9FnMPRaYCtKpkchofTw66G",
      "type": "Secp256k1VerificationKey2018",
    },
  ],
}
`;
