// Jest Snapshot v1, https://goo.gl/fbAQLP

exports[`Blockchain: Cosmos authenticate create proof for cosmoshub3 1`] = `"0x3e779670d353ea4826096f99ba6ba6a23ac4efb67de9cffb03909e6017245965"`;

exports[`Blockchain: Cosmos createLink create proof for cosmoshub3 1`] = `
Object {
  "account": "cosmos1gs6gu0w9xvqcfhm3nlhnmqkf8aphnsxyjlgpqd@cosmos:cosmoshub-3",
  "message": "Link this account to your identity

did:3:bafysdfwefwe 
Timestamp: 666",
  "signature": "eyJzaWduYXR1cmUiOiJWbm5IOGpPMXhoU0VNOEZXYTJxTU1QMSs1OXVCdm1WYitzNUwwMjA1TVZONzdHc3pkTzM0T1JPZGpySmNkSSsvMjJPbWt2VkRpRWYyZ2lNZHdRYXJIUT09IiwicHViX2tleSI6eyJ0eXBlIjoidGVuZGVybWludC9QdWJLZXlTZWNwMjU2azEiLCJ2YWx1ZSI6IkE0MVhFTUx0TnhvbmhlU2FwNTg5Nzdkc0ZhSTh5VWt3NHdWSytiR3dPNElyIn19",
  "timestamp": 666,
  "version": 2,
}
`;
