// Jest Snapshot v1, https://goo.gl/fbAQLP

exports[`Blockchain: NEAR authenticate create proof for testnet 1`] = `"885b8f016c6360641ac9ad47d24e21a7d9db3d6d04febe433bfa67c0c0ef7d67a709254235b7476d45aac11c41ecbcf89e5c407c5fa7d91c37fd597fff436107"`;

exports[`Blockchain: NEAR createLink create proof for testnet 1`] = `
Object {
  "account": "7beiSVU32rh5uqUcGqY3JfkB3y9p6Pc2Q1GFgcrtK65q@near:testnet",
  "message": "Link this account to your identity

did:3:bafysdfwefwe 
Timestamp: 666",
  "signature": "XJFze3Uz3o/AkljTe1vubjsBsFMKq6vQMd8gUegO8W3oN7MbcapNUpjuGhanShsvSSy2tCl6Itp/ESjn9DlvAg",
  "timestamp": 666,
  "type": "near",
  "version": 2,
}
`;
