// Jest Snapshot v1, https://goo.gl/fbAQLP

exports[`Blockchain: Solana authenticate create proof for 5eykt4UsFv8P8NJdTREpY1vzqKqZKvdp 1`] = `"0xd042f28e5ff37a2f68f7d7b96adca0d10b5cba3d4d6d056796653479d8a70c0e"`;

exports[`Blockchain: Solana createLink create proof for 5eykt4UsFv8P8NJdTREpY1vzqKqZKvdp 1`] = `
Object {
  "account": "2q7pyhPwAwZ3QMfZrnAbDhnh9mDUqycszcpf86VgQxhF@solana:5eykt4UsFv8P8NJdTREpY1vzqKqZKvdp",
  "message": "Link this account to your identity

did:3:bafysdfwefwe 
Timestamp: 666",
  "signature": "KriuHY8KAU87qNeGjdtvutl0TWgSnOPpUDI8fniN8jHGdwcKubYUooJja/hnFZoizq7q66dx5XRPxKS4EcnGDA",
  "timestamp": 666,
  "type": "solana",
  "version": 2,
}
`;
